// Jest Snapshot v1, https://goo.gl/fbAQLP

exports[`Snapshot test for Calculator Page Should render CalculatorPage 1`] = `
<div
  className="calculatorContent_Container"
>
  <h2
    className="calculatorTitle"
  >
    Lets do some math!
  </h2>
  <div
    className="calculator_container"
  >
    <div
      className="result_container"
    >
      0
    </div>
    <div
      className="row_container"
    >
      <button
        className="number gray_button"
        onClick={[Function]}
        type="button"
      >
        AC
      </button>
      <button
        className="operation"
        onClick={[Function]}
        type="button"
      >
        +/-
      </button>
      <button
        className="operation"
        onClick={[Function]}
        type="button"
      >
        %
      </button>
      <button
        className="operation"
        onClick={[Function]}
        type="button"
      >
        รท
      </button>
    </div>
    <div
      className="row_container"
      type="button"
    >
      <button
        className="number"
        onClick={[Function]}
        type="button"
      >
        7
      </button>
      <button
        className="number"
        onClick={[Function]}
        type="button"
      >
        8
      </button>
      <button
        className="number"
        onClick={[Function]}
        type="button"
      >
        9
      </button>
      <button
        className="operation"
        onClick={[Function]}
        type="button"
      >
        x
      </button>
    </div>
    <div
      className="row_container"
    >
      <button
        className="number"
        onClick={[Function]}
        type="button"
      >
        4
      </button>
      <button
        className="number"
        onClick={[Function]}
        type="button"
      >
        5
      </button>
      <button
        className="number"
        onClick={[Function]}
        type="button"
      >
        6
      </button>
      <button
        className="operation"
        onClick={[Function]}
        type="button"
      >
        -
      </button>
    </div>
    <div
      className="row_container"
    >
      <button
        className="number"
        onClick={[Function]}
        type="button"
      >
        1
      </button>
      <button
        className="number"
        onClick={[Function]}
        type="button"
      >
        2
      </button>
      <button
        className="number"
        onClick={[Function]}
        type="button"
      >
        3
      </button>
      <button
        className="operation"
        onClick={[Function]}
        type="button"
      >
        +
      </button>
    </div>
    <div
      className="row_container"
    >
      <button
        className="number_zero"
        onClick={[Function]}
        type="button"
      >
        0
      </button>
      <button
        className="number"
        onClick={[Function]}
        type="button"
      >
        .
      </button>
      <button
        className="operation"
        onClick={[Function]}
        type="button"
      >
        =
      </button>
    </div>
  </div>
</div>
`;
